../Core/Src/main_app.c:34:6:printmsg	96	static
../Core/Src/main_app.c:46:5:main	8	static
../Core/Src/main_app.c:80:6:SystemClock_Config_HSE	96	static
../Core/Src/main_app.c:168:6:RTC_Init	8	static
../Core/Src/main_app.c:189:6:RTC_CalendarConfig	32	static
../Core/Src/main_app.c:215:6:GPIO_Init	56	static
../Core/Src/main_app.c:242:6:UART2_Init	8	static
../Core/Src/main_app.c:266:7:getDayofweek	56	static
../Core/Src/main_app.c:278:6:HAL_GPIO_EXTI_Callback	64	static
../Core/Src/main_app.c:296:6:Error_handler	4	static
