11:08:43 **** Incremental Build of configuration Debug for project CAN_LoopBack_self ****
make -j8 all 
arm-none-eabi-gcc "../Core/Src/main.c" -mcpu=cortex-m4 -std=gnu11 -g3 -DDEBUG -DUSE_HAL_DRIVER -DSTM32F407xx -c -I../Core/Inc -I../Drivers/STM32F4xx_HAL_Driver/Inc -I../Drivers/STM32F4xx_HAL_Driver/Inc/Legacy -I../Drivers/CMSIS/Device/ST/STM32F4xx/Include -I../Drivers/CMSIS/Include -O0 -ffunction-sections -fdata-sections -Wall -fstack-usage -fcyclomatic-complexity -MMD -MP -MF"Core/Src/main.d" -MT"Core/Src/main.o" --specs=nano.specs -mfpu=fpv4-sp-d16 -mfloat-abi=hard -mthumb -o "Core/Src/main.o"
arm-none-eabi-gcc -o "CAN_LoopBack_self.elf" @"objects.list"   -mcpu=cortex-m4 -T"C:\Users\z1400\Desktop\Embded COOP\REVIEW每日复习\MasteringMCU2-master\MasteringMCU2-master\Source_codes\STM32CubeIDE\MasteringMCU2\CAN_LoopBack_self\STM32F407VGTX_FLASH.ld" --specs=nosys.specs -Wl,-Map="CAN_LoopBack_self.map" -Wl,--gc-sections -static --specs=nano.specs -mfpu=fpv4-sp-d16 -mfloat-abi=hard -mthumb -Wl,--start-group -lc -lm -Wl,--end-group
Finished building target: CAN_LoopBack_self.elf
 
arm-none-eabi-size  CAN_LoopBack_self.elf 
arm-none-eabi-objdump -h -S CAN_LoopBack_self.elf  > "CAN_LoopBack_self.list"
   text	   data	    bss	    dec	    hex	filename
  13148	     92	   2012	  15252	   3b94	CAN_LoopBack_self.elf
Finished building: default.size.stdout
 
Finished building: CAN_LoopBack_self.list
 
