22:39:34 **** Incremental Build of configuration Debug for project timer_OC_PWM_me ****
make -j8 all 
arm-none-eabi-gcc "../Core/Src/main.c" -mcpu=cortex-m4 -std=gnu11 -g3 -DDEBUG -DUSE_HAL_DRIVER -DSTM32F407xx -c -I../Core/Inc -I../Drivers/STM32F4xx_HAL_Driver/Inc -I../Drivers/STM32F4xx_HAL_Driver/Inc/Legacy -I../Drivers/CMSIS/Device/ST/STM32F4xx/Include -I../Drivers/CMSIS/Include -O0 -ffunction-sections -fdata-sections -Wall -fstack-usage -fcyclomatic-complexity -MMD -MP -MF"Core/Src/main.d" -MT"Core/Src/main.o" --specs=nano.specs -mfpu=fpv4-sp-d16 -mfloat-abi=hard -mthumb -o "Core/Src/main.o"
arm-none-eabi-gcc -o "timer_OC_PWM_me.elf" @"objects.list"   -mcpu=cortex-m4 -T"C:\Users\z1400\Desktop\Embded COOP\REVIEW每日复习\MasteringMCU2-master\MasteringMCU2-master\Source_codes\STM32CubeIDE\MasteringMCU2\timer_OC_PWM_me\STM32F407VGTX_FLASH.ld" --specs=nosys.specs -Wl,-Map="timer_OC_PWM_me.map" -Wl,--gc-sections -static --specs=nano.specs -mfpu=fpv4-sp-d16 -mfloat-abi=hard -mthumb -Wl,--start-group -lc -lm -Wl,--end-group
Finished building target: timer_OC_PWM_me.elf
 
arm-none-eabi-size  timer_OC_PWM_me.elf 
arm-none-eabi-objdump -h -S timer_OC_PWM_me.elf  > "timer_OC_PWM_me.list"
   text	   data	    bss	    dec	    hex	filename
   8760	     12	   1644	  10416	   28b0	timer_OC_PWM_me.elf
Finished building: default.size.stdout
 
Finished building: timer_OC_PWM_me.list
 

22:39:35 Build Finished. 0 errors, 0 warnings. (took 1s.76ms)

